
> jansamadhan-ai@1.0.0 build
> vite build

[36mvite v5.4.21 [32mbuilding for production...[36m[39m
transforming...
[32mΓ£ô[39m 2661 modules transformed.
rendering chunks...
computing gzip size...
[2mdist/[22m[32mindex.html                 [39m[1m[2m    0.91 kB[22m[1m[22m[2m Γöé gzip:   0.50 kB[22m

(!) Some chunks are larger than 500 kB after minification. Consider:
- Using dynamic import() to code-split the application
- Use build.rollupOptions.output.manualChunks to improve chunking: https://rollupjs.org/configuration-options/#output-manualchunks
- Adjust chunk size limit for this warning via build.chunkSizeWarningLimit.
[2mdist/[22m[35massets/index-eQRg1a45.css  [39m[1m[2m   37.72 kB[22m[1m[22m[2m Γöé gzip:   7.26 kB[22m
[2mdist/[22m[36massets/index-CE3yHarR.js   [39m[1m[33m1,123.99 kB[39m[22m[2m Γöé gzip: 303.32 kB[22m
[32mΓ£ô built in 12.23s[39m
